--- Lexical Errors Log ---
Line 3 | ERROR: Illegal character '='
Line 3 | ERROR: Illegal character ';'
Line 4 | ERROR: Illegal character '='
Line 4 | ERROR: Illegal character ';'
Line 6 | ERROR: Illegal character '='
Line 6 | ERROR: Illegal character ';'
Line 7 | ERROR: Illegal character '='
Line 7 | ERROR: Illegal character ';'
Line 9 | ERROR: Illegal character '!'
Line 9 | ERROR: Illegal character ')'
Line 9 | ERROR: Illegal character ';'
Line 11 | ERROR: Illegal character '>'
Line 11 | ERROR: Illegal character '!'
Line 11 | ERROR: Illegal character ')'
Line 12 | ERROR: Illegal character '!'
Line 12 | ERROR: Illegal character ')'
Line 12 | ERROR: Illegal character ';'
Line 15 | ERROR: Illegal character '<'
Line 15 | ERROR: Illegal character '!'
Line 15 | ERROR: Illegal character ')'
Line 16 | ERROR: Illegal character '!'
Line 16 | ERROR: Illegal character ')'
Line 16 | ERROR: Illegal character ';'
Line 19 | ERROR: Illegal character '='
Line 19 | ERROR: Illegal character ';'
Line 20 | ERROR: Illegal character '='
Line 20 | ERROR: Illegal character ';'
Line 22 | ERROR: Illegal character ';'
Line 26 | ERROR: Illegal character '#'
Line 26 | ERROR: Illegal character '#'
Line 28 | ERROR: Illegal character '@'
Line 29 | ERROR: Illegal character '$'
Line 30 | ERROR: Illegal character '"'
Line 31 | ERROR: Illegal character '?'
Line 31 | ERROR: Illegal character '?'
Line 31 | ERROR: Illegal character '#'
Line 32 | ERROR: Illegal character '?'
Line 32 | ERROR: Illegal character '?'
Line 32 | ERROR: Illegal character '#'
Line 33 | ERROR: Illegal character ':'
Line 33 | ERROR: Illegal character ':'
Line 33 | ERROR: Illegal character '#'
Line 34 | ERROR: Illegal character '!'
Line 34 | ERROR: Illegal character '!'
Line 34 | ERROR: Illegal character '#'
Line 35 | ERROR: Illegal character ')'
